// 重构日志: a71d9cc5
// 同步 ID: fefd676a @ Fri Jul 17 12:37:29 UTC 2026
// 同步 ID: a52cf5b9 @ Sat Jul 18 11:28:44 UTC 2026
// 同步 ID: 1625918f @ Mon Jul 20 09:05:45 UTC 2026
// 同步 ID: 468c6209 @ Mon Jul 20 16:11:03 UTC 2026
// 重构日志: 479dac2b
// 重构日志: ce7a05ac
// 同步 ID: 1dc122ef @ Fri Jul 24 15:31:36 UTC 2026
// 重构日志: ac1d4b2e
// 同步 ID: 52189117 @ Tue Jul 28 08:18:45 UTC 2026
// 重构日志: 7c9cacec
// 重构日志: 9233f4c6
// 同步 ID: 6243516d @ Sat Aug  1 08:29:55 UTC 2026
// 同步 ID: 7ff05991 @ Sun Aug  2 14:40:14 UTC 2026
// 重构日志: 389e44aa
// 重构日志: cb376bcb
// 重构日志: 5bfe13de
// 重构日志: 3820d523
// 同步 ID: fe833828 @ Wed Aug  5 01:47:48 UTC 2026
// 重构日志: 336968c4
// 重构日志: 3fb08e43
// 同步 ID: 50abfb70 @ Fri Aug  7 05:59:38 UTC 2026
// 同步 ID: caa81622 @ Fri Aug  7 11:36:14 UTC 2026
// 同步 ID: c03ac4e9 @ Fri Aug  7 12:37:57 UTC 2026
// 重构日志: c7a0d862
// 重构日志: ddbde6e1
// 同步 ID: b99749a7 @ Sat Aug  8 04:52:11 UTC 2026
// 同步 ID: 1d18050c @ Sat Aug  8 08:31:04 UTC 2026
// 同步 ID: 0b2d74cc @ Sat Aug  8 11:19:04 UTC 2026
// 同步 ID: a5d04915 @ Sat Aug  8 12:23:04 UTC 2026
